
> sis-restaurante@0.1.0 test:unit
> vitest run src/tests/unit items-listing

[1m[43m DEPRECATED [49m[22m [33m"environmentMatchGlobs" is deprecated. Use `test.projects` to define different configurations instead.[39m

[1m[46m RUN [49m[22m [36mv3.2.4 [39m[90mC:/Users/felip/OneDrive/Área de Trabalho/projetos cliente/sis-restaurante[39m

 [32m✓[39m src/tests/unit/costs-page.test.tsx [2m([22m[2m1 test[22m[2m)[22m[33m 446[2mms[22m[39m
   [33m[2m✓[22m[39m CostsPage[2m > [22mrenders searchable financial cards with cost breakdown and ficha links [33m 444[2mms[22m[39m
 [32m✓[39m src/tests/unit/dashboard-page.test.tsx [2m([22m[2m1 test[22m[2m)[22m[33m 492[2mms[22m[39m
   [33m[2m✓[22m[39m DashboardPage[2m > [22mrenders KPI cards, attention points and quick actions with the new labels [33m 491[2mms[22m[39m
 [31m❯[39m src/tests/unit/engineering/fichas-listing.test.tsx [2m([22m[2m14 tests[22m[2m | [22m[31m10 failed[39m[2m)[22m[33m 663[2mms[22m[39m
   [32m✓[39m Grade de Fichas — larguras pixel-perfect (SPEC-4-TELAS-ESTRITO)[2m > [22mcoluna code tem largura 60px (+/- 4px) alinhada ao HTML update/tela-fichas-grade-v1.html[32m 191[2mms[22m[39m
[31m   [31m×[31m Grade de Fichas — larguras pixel-perfect (SPEC-4-TELAS-ESTRITO)[2m > [22mcoluna itemName tem largura 170px (+/- 4px) alinhada ao HTML update/tela-fichas-grade-v1.html[39m[32m 86[2mms[22m[39m
[31m     → column itemName width 0px diverges from HTML target 170px by more than 4px: expected 170 to be less than or equal to 4[39m
[31m   [31m×[31m Grade de Fichas — larguras pixel-perfect (SPEC-4-TELAS-ESTRITO)[2m > [22mcoluna modalityLabel tem largura 100px (+/- 4px) alinhada ao HTML update/tela-fichas-grade-v1.html[39m[32m 65[2mms[22m[39m
[31m     → column modalityLabel width 130px diverges from HTML target 100px by more than 4px: expected 30 to be less than or equal to 4[39m
[31m   [31m×[31m Grade de Fichas — larguras pixel-perfect (SPEC-4-TELAS-ESTRITO)[2m > [22mcoluna groupOperational tem largura 100px (+/- 4px) alinhada ao HTML update/tela-fichas-grade-v1.html[39m[32m 49[2mms[22m[39m
[31m     → column groupOperational width 170px diverges from HTML target 100px by more than 4px: expected 70 to be less than or equal to 4[39m
[31m   [31m×[31m Grade de Fichas — larguras pixel-perfect (SPEC-4-TELAS-ESTRITO)[2m > [22mcoluna status tem largura 64px (+/- 4px) alinhada ao HTML update/tela-fichas-grade-v1.html[39m[32m 32[2mms[22m[39m
[31m     → column status width 120px diverges from HTML target 64px by more than 4px: expected 56 to be less than or equal to 4[39m
[31m   [31m×[31m Grade de Fichas — larguras pixel-perfect (SPEC-4-TELAS-ESTRITO)[2m > [22mcoluna componentCount tem largura 82px (+/- 4px) alinhada ao HTML update/tela-fichas-grade-v1.html[39m[32m 31[2mms[22m[39m
[31m     → column componentCount width 130px diverges from HTML target 82px by more than 4px: expected 48 to be less than or equal to 4[39m
[31m   [31m×[31m Grade de Fichas — larguras pixel-perfect (SPEC-4-TELAS-ESTRITO)[2m > [22mcoluna correctionFactor tem largura 60px (+/- 4px) alinhada ao HTML update/tela-fichas-grade-v1.html[39m[32m 26[2mms[22m[39m
[31m     → column correctionFactor width 90px diverges from HTML target 60px by more than 4px: expected 30 to be less than or equal to 4[39m
[31m   [31m×[31m Grade de Fichas — larguras pixel-perfect (SPEC-4-TELAS-ESTRITO)[2m > [22mcoluna cookingIndex tem largura 60px (+/- 4px) alinhada ao HTML update/tela-fichas-grade-v1.html[39m[32m 23[2mms[22m[39m
[31m     → column cookingIndex width 90px diverges from HTML target 60px by more than 4px: expected 30 to be less than or equal to 4[39m
[31m   [31m×[31m Grade de Fichas — larguras pixel-perfect (SPEC-4-TELAS-ESTRITO)[2m > [22mcoluna totalCost tem largura 82px (+/- 4px) alinhada ao HTML update/tela-fichas-grade-v1.html[39m[32m 20[2mms[22m[39m
[31m     → column totalCost width 130px diverges from HTML target 82px by more than 4px: expected 48 to be less than or equal to 4[39m
   [32m✓[39m Grade de Fichas — larguras pixel-perfect (SPEC-4-TELAS-ESTRITO)[2m > [22mcoluna sellingPrice tem largura 80px (+/- 4px) alinhada ao HTML update/tela-fichas-grade-v1.html[32m 25[2mms[22m[39m
[31m   [31m×[31m Grade de Fichas — larguras pixel-perfect (SPEC-4-TELAS-ESTRITO)[2m > [22mcoluna updatedAt tem largura 110px (+/- 4px) alinhada ao HTML update/tela-fichas-grade-v1.html[39m[32m 25[2mms[22m[39m
[31m     → column updatedAt width 160px diverges from HTML target 110px by more than 4px: expected 50 to be less than or equal to 4[39m
   [32m✓[39m Grade de Fichas — larguras pixel-perfect (SPEC-4-TELAS-ESTRITO)[2m > [22mcoluna notes tem largura 38px (+/- 4px) alinhada ao HTML update/tela-fichas-grade-v1.html[32m 16[2mms[22m[39m
[31m   [31m×[31m Grade de Fichas — larguras pixel-perfect (SPEC-4-TELAS-ESTRITO)[2m > [22mitemName nao possui flex nem minWidth (largura fixa 170px conforme HTML linha 58)[39m[32m 37[2mms[22m[39m
[31m     → expected '1.3' to be '' // Object.is equality[39m
   [32m✓[39m Grade de Fichas — larguras pixel-perfect (SPEC-4-TELAS-ESTRITO)[2m > [22mrenderiza as 12 colunas da grade de fichas[32m 37[2mms[22m[39m
 [32m✓[39m src/tests/unit/items-page.test.tsx [2m([22m[2m1 test[22m[2m)[22m[33m 1057[2mms[22m[39m
   [33m[2m✓[22m[39m ItemsPage[2m > [22mrenders the expanded operational listing contract and wires navigation [33m 1045[2mms[22m[39m
 [32m✓[39m src/tests/unit/engineering/TotaisIndicadores.test.tsx [2m([22m[2m8 tests[22m[2m)[22m[33m 753[2mms[22m[39m
 [32m✓[39m src/tests/unit/sidebar-nav.test.tsx [2m([22m[2m3 tests[22m[2m)[22m[33m 803[2mms[22m[39m
   [33m[2m✓[22m[39m SidebarNav[2m > [22mrenders grouped navigation sections with current route highlighted [33m 558[2mms[22m[39m
 [32m✓[39m src/tests/unit/fichas-page.test.tsx [2m([22m[2m1 test[22m[2m)[22m[33m 799[2mms[22m[39m
   [33m[2m✓[22m[39m FichasPage[2m > [22mrenders the expanded ficha listing contract with shared navigation [33m 798[2mms[22m[39m
 [32m✓[39m src/tests/unit/engineering/FichaFlatGrid.test.tsx [2m([22m[2m4 tests[22m[2m)[22m[33m 901[2mms[22m[39m
   [33m[2m✓[22m[39m FichaFlatGrid — SPEC-FICHA-FIDELIDADE (HTML tela-ficha-tecnica-v2.html)[2m > [22mcom Coccao Final: row label visivel, botao Adicionar Coccao Final NAO aparece [33m 335[2mms[22m[39m
[90mstderr[2m | src/tests/unit/login-form.test.tsx[2m > [22m[2mLoginForm[2m > [22m[2muses the configured base path for the auth request
[22m[39mNot implemented: navigation to another Document

 [32m✓[39m src/tests/unit/login-form.test.tsx [2m([22m[2m3 tests[22m[2m)[22m[33m 979[2mms[22m[39m
   [33m[2m✓[22m[39m LoginForm[2m > [22mfills seed credentials from chips and toggles password visibility [33m 545[2mms[22m[39m
 [31m❯[39m src/tests/unit/items-listing.test.tsx [2m([22m[2m12 tests[22m[2m | [22m[31m1 failed[39m[2m)[22m[33m 1089[2mms[22m[39m
   [33m[2m✓[22m[39m ItemsListingView[2m > [22mrenders exactly 15 column headers in the correct order [33m 327[2mms[22m[39m
   [32m✓[39m ItemsListingView[2m > [22mrenders CADASTRO MESTRE label[32m 78[2mms[22m[39m
   [32m✓[39m ItemsListingView[2m > [22mrenders Status column with Ativo and Inativo badges[32m 91[2mms[22m[39m
   [32m✓[39m ItemsListingView[2m > [22mrenders em-dash for zero-value currency and quantity fields[32m 80[2mms[22m[39m
   [32m✓[39m ItemsListingView[2m > [22mmarks name, baseUnitCost, usagePrice, and updatedAt as sortable[32m 59[2mms[22m[39m
   [32m✓[39m ItemsListingView[2m > [22mrenders Categoria Operacional filter with Todas as categorias option[32m 66[2mms[22m[39m
   [32m✓[39m ItemsListingView[2m > [22mrenders Obs tooltip with Ver observacao text when description exists[32m 39[2mms[22m[39m
   [32m✓[39m ItemsListingView[2m > [22mitem sem ItemCompra (sem fornecedor) exibe '--' nas colunas derivadas[32m 88[2mms[22m[39m
   [32m✓[39m ItemsListingView[2m > [22mitem com 2+ fornecedores exibe badge '+1' ao lado do nome principal[32m 65[2mms[22m[39m
   [32m✓[39m Grade de Itens - larguras pixel-perfect residuais (SPEC-4-TELAS-ESTRITO)[2m > [22mcoluna name tem largura 162px (+/- 4px) alinhada ao HTML update/tela-itens-grade-v2.html[32m 50[2mms[22m[39m
   [32m✓[39m Grade de Itens - larguras pixel-perfect residuais (SPEC-4-TELAS-ESTRITO)[2m > [22mcoluna description tem largura 40px (+/- 4px) alinhada ao HTML update/tela-itens-grade-v2.html[32m 87[2mms[22m[39m
[31m   [31m×[31m Grade de Itens - larguras pixel-perfect residuais (SPEC-4-TELAS-ESTRITO)[2m > [22mcoluna name NAO possui flex (largura fixa conforme HTML linha 57)[39m[32m 58[2mms[22m[39m
[31m     → expected '1' to be '' // Object.is equality[39m
 [32m✓[39m src/tests/unit/cadastros-page.test.tsx [2m([22m[2m1 test[22m[2m)[22m[33m 938[2mms[22m[39m
   [33m[2m✓[22m[39m CadastrosPage[2m > [22mrenders the master data workspace with all requested sections [33m 937[2mms[22m[39m
 [32m✓[39m src/tests/unit/import-workspace.test.tsx [2m([22m[2m1 test[22m[2m)[22m[33m 697[2mms[22m[39m
   [33m[2m✓[22m[39m ImportWorkspace[2m > [22mshows the selected workbook name before submitting the import [33m 696[2mms[22m[39m
 [32m✓[39m src/tests/unit/import-api-paths.test.tsx [2m([22m[2m1 test[22m[2m)[22m[33m 700[2mms[22m[39m
   [33m[2m✓[22m[39m Import API paths[2m > [22mprefixes artifact downloads and dashboard polling with the configured base path [33m 699[2mms[22m[39m
 [32m✓[39m src/tests/unit/import-pending-page.test.tsx [2m([22m[2m1 test[22m[2m)[22m[33m 859[2mms[22m[39m
   [33m[2m✓[22m[39m ImportPendingPage[2m > [22mrenders reconciliation grid, confidence indicator and resolution dialog [33m 857[2mms[22m[39m
 [32m✓[39m src/tests/unit/item-form.test.tsx [2m([22m[2m1 test[22m[2m)[22m[33m 1199[2mms[22m[39m
   [33m[2m✓[22m[39m ItemForm[2m > [22mrenders the operational item contract (pos 08-04 identificacao enxuta) [33m 1179[2mms[22m[39m
 [32m✓[39m src/tests/unit/import-page.test.tsx [2m([22m[2m1 test[22m[2m)[22m[33m 1265[2mms[22m[39m
   [33m[2m✓[22m[39m ImportPage[2m > [22mrenders the protected import workspace with blocked upload, active execution and history [33m 1264[2mms[22m[39m
 [32m✓[39m src/tests/unit/audit-page.test.tsx [2m([22m[2m1 test[22m[2m)[22m[33m 1199[2mms[22m[39m
   [33m[2m✓[22m[39m AuditPage[2m > [22mrenders filters and timeline entries for operational history [33m 1197[2mms[22m[39m
 [32m✓[39m src/tests/unit/item-detail-page.test.tsx [2m([22m[2m1 test[22m[2m)[22m[33m 1401[2mms[22m[39m
   [33m[2m✓[22m[39m ItemDetailPage[2m > [22mrenders the item form without the legacy side cards and keeps safe-delete feedback [33m 1400[2mms[22m[39m
 [32m✓[39m src/tests/unit/password-auth.test.ts [2m([22m[2m3 tests[22m[2m)[22m[32m 202[2mms[22m[39m
 [32m✓[39m src/tests/unit/auth-routes.test.ts [2m([22m[2m3 tests[22m[2m)[22m[32m 160[2mms[22m[39m
 [32m✓[39m src/tests/unit/forbidden-page.test.tsx [2m([22m[2m1 test[22m[2m)[22m[32m 271[2mms[22m[39m
 [32m✓[39m src/tests/unit/ficha-detail-page.test.tsx [2m([22m[2m1 test[22m[2m)[22m[33m 2024[2mms[22m[39m
   [33m[2m✓[22m[39m FichaDetailPage[2m > [22mrenders the editing layout without the legacy summary sidebar [33m 2023[2mms[22m[39m
 [32m✓[39m src/tests/unit/session.test.ts [2m([22m[2m3 tests[22m[2m)[22m[32m 33[2mms[22m[39m
 [32m✓[39m src/tests/unit/auth-repository.test.ts [2m([22m[2m1 test[22m[2m)[22m[32m 40[2mms[22m[39m
 [32m✓[39m src/tests/unit/ficha-form.test.tsx [2m([22m[2m2 tests[22m[2m)[22m[33m 2210[2mms[22m[39m
   [33m[2m✓[22m[39m FichaForm[2m > [22mrenders the ficha workflow in four semantic sections with totals and finalization fields [33m 1769[2mms[22m[39m
   [33m[2m✓[22m[39m FichaForm[2m > [22mrenders commercial fallbacks instead of blank or NaN values when sale price or final weight are invalid [33m 440[2mms[22m[39m
 [32m✓[39m src/tests/unit/cost-engine.test.ts [2m([22m[2m8 tests[22m[2m)[22m[32m 20[2mms[22m[39m
 [32m✓[39m src/tests/unit/engineering-repository.test.ts [2m([22m[2m3 tests[22m[2m)[22m[32m 34[2mms[22m[39m
 [32m✓[39m src/tests/unit/app-data-grid-pattern.test.tsx [2m([22m[2m1 test[22m[2m)[22m[32m 189[2mms[22m[39m
 [32m✓[39m src/tests/unit/workspace-layout.test.tsx [2m([22m[2m1 test[22m[2m)[22m[32m 167[2mms[22m[39m
 [32m✓[39m src/tests/unit/catalog-repository.test.ts [2m([22m[2m6 tests[22m[2m)[22m[32m 23[2mms[22m[39m
 [32m✓[39m src/tests/unit/master-data-repository.test.ts [2m([22m[2m3 tests[22m[2m)[22m[32m 17[2mms[22m[39m
 [32m✓[39m src/tests/unit/app-shell-client.test.tsx [2m([22m[2m1 test[22m[2m)[22m[33m 330[2mms[22m[39m
   [33m[2m✓[22m[39m AppShellClient[2m > [22mdoes not render the expanded sidebar header copy [33m 329[2mms[22m[39m
 [32m✓[39m src/tests/unit/page-header.test.tsx [2m([22m[2m1 test[22m[2m)[22m[32m 273[2mms[22m[39m
 [32m✓[39m src/tests/unit/catalog/ItemForm.test.tsx [2m([22m[2m7 tests[22m[2m)[22m[33m 2465[2mms[22m[39m
   [33m[2m✓[22m[39m ItemForm — SPEC-ITEM-LAYOUT + PDFV2-ITEM-05[2m > [22mrenderiza exatamente 3 blocos: Identificacao, Detalhamento de Compras/Fornecedor, Observacoes [33m 838[2mms[22m[39m
   [33m[2m✓[22m[39m ItemForm — SPEC-ITEM-LAYOUT + PDFV2-ITEM-05[2m > [22mIdentificacao contem exatamente 5 campos (Codigo, Nome, Tipo, Categoria, Status) [33m 333[2mms[22m[39m
   [33m[2m✓[22m[39m ItemForm — SPEC-ITEM-LAYOUT + PDFV2-ITEM-05[2m > [22mIdentificacao NAO contem campos de Unidade/Qtde/Preco/Fator [33m 300[2mms[22m[39m
 [32m✓[39m src/tests/unit/reconciliation.test.ts [2m([22m[2m4 tests[22m[2m)[22m[32m 5[2mms[22m[39m
 [32m✓[39m src/tests/unit/composition-page.test.tsx [2m([22m[2m1 test[22m[2m)[22m[33m 367[2mms[22m[39m
   [33m[2m✓[22m[39m CompositionPage[2m > [22mrenders the composition tree view with filtering and nested rows [33m 366[2mms[22m[39m
 [32m✓[39m src/tests/unit/composition-domain.test.ts [2m([22m[2m4 tests[22m[2m)[22m[32m 14[2mms[22m[39m
 [32m✓[39m src/tests/unit/audit-service.test.ts [2m([22m[2m1 test[22m[2m)[22m[32m 13[2mms[22m[39m
 [32m✓[39m src/tests/unit/item-form-schema.test.ts [2m([22m[2m5 tests[22m[2m)[22m[32m 8[2mms[22m[39m
 [32m✓[39m src/tests/unit/operational-item-import.test.ts [2m([22m[2m2 tests[22m[2m)[22m[32m 5[2mms[22m[39m
 [32m✓[39m src/tests/unit/next-config.test.ts [2m([22m[2m4 tests[22m[2m)[22m[32m 4[2mms[22m[39m
 [32m✓[39m src/tests/unit/ficha-form-schema.test.ts [2m([22m[2m4 tests[22m[2m)[22m[32m 8[2mms[22m[39m
 [32m✓[39m src/tests/unit/catalog/purchases-editor.test.tsx [2m([22m[2m9 tests[22m[2m)[22m[33m 3226[2mms[22m[39m
   [33m[2m✓[22m[39m PurchasesEditor — SPEC-ITEM-FORNECEDOR (D-05, D-06, D-07, D-08, D-11)[2m > [22mprincipal sozinho: sem badge fixado, campos Unidade de uso + Qtde de uso editaveis [33m 631[2mms[22m[39m
   [33m[2m✓[22m[39m PurchasesEditor — SPEC-ITEM-FORNECEDOR (D-05, D-06, D-07, D-08, D-11)[2m > [22mprincipal + secundario: badge 'fixado do 1o fornecedor' aparece 2x (Unidade uso + Qtde uso) [33m 351[2mms[22m[39m
   [33m[2m✓[22m[39m PurchasesEditor — SPEC-ITEM-FORNECEDOR (D-05, D-06, D-07, D-08, D-11)[2m > [22msecundario deriva usageUnit client-side do principal (D-05) [33m 315[2mms[22m[39m
   [33m[2m✓[22m[39m PurchasesEditor — SPEC-ITEM-FORNECEDOR (D-05, D-06, D-07, D-08, D-11)[2m > [22msecundario tem Unidade de uso e Qtde de uso com aria-readonly=true (D-05 readonly) [33m 596[2mms[22m[39m
   [33m[2m✓[22m[39m PurchasesEditor — SPEC-ITEM-FORNECEDOR (D-05, D-06, D-07, D-08, D-11)[2m > [22mRemover aparece so em secundarios (principal sem botao Remover) [33m 457[2mms[22m[39m
   [33m[2m✓[22m[39m PurchasesEditor — SPEC-ITEM-FORNECEDOR (D-05, D-06, D-07, D-08, D-11)[2m > [22mtoggle principal em secundario: reseta demais para false + exibe 'Campos fixados atualizados a partir de {nome}' (D-06) [33m 319[2mms[22m[39m
 [32m✓[39m src/tests/unit/import-execution-domain.test.ts [2m([22m[2m6 tests[22m[2m)[22m[32m 3[2mms[22m[39m
 [32m✓[39m src/tests/unit/unit-conversion.test.ts [2m([22m[2m5 tests[22m[2m)[22m[32m 3[2mms[22m[39m
 [32m✓[39m src/tests/unit/components-editor.test.tsx [2m([22m[2m3 tests[22m[2m)[22m[33m 3362[2mms[22m[39m
   [33m[2m✓[22m[39m ComponentsEditor (flat grid model)[2m > [22mrenders a single flat grid with per-row stage controls and footer buttons [33m 1727[2mms[22m[39m
   [33m[2m✓[22m[39m ComponentsEditor (flat grid model)[2m > [22mrenders per-row peso labels driven by the row's stage type and reveals montagem on demand [33m 1122[2mms[22m[39m
   [33m[2m✓[22m[39m ComponentsEditor (flat grid model)[2m > [22madds library items into the flat grid and groups them back into stages on serialize [33m 512[2mms[22m[39m
 [32m✓[39m src/tests/unit/password-policy.test.ts [2m([22m[2m1 test[22m[2m)[22m[32m 2[2mms[22m[39m
 [32m✓[39m src/tests/unit/ficha-tecnica-domain.test.ts [2m([22m[2m4 tests[22m[2m)[22m[32m 3[2mms[22m[39m
 [32m✓[39m src/tests/unit/user-management.test.ts [2m([22m[2m3 tests[22m[2m)[22m[32m 3[2mms[22m[39m
 [32m✓[39m src/tests/unit/platform/env.test.ts [2m([22m[2m3 tests[22m[2m)[22m[32m 3[2mms[22m[39m
 [32m✓[39m src/tests/unit/env.test.ts [2m([22m[2m4 tests[22m[2m)[22m[32m 5[2mms[22m[39m
 [32m✓[39m src/tests/unit/access-control.test.ts [2m([22m[2m4 tests[22m[2m)[22m[32m 4[2mms[22m[39m
 [32m✓[39m src/tests/unit/backup-policy.test.ts [2m([22m[2m3 tests[22m[2m)[22m[32m 2[2mms[22m[39m
 [32m✓[39m src/tests/unit/health-route.test.ts [2m([22m[2m3 tests[22m[2m)[22m[32m 6[2mms[22m[39m
 [32m✓[39m src/tests/unit/authorization-guards.test.ts [2m([22m[2m2 tests[22m[2m)[22m[32m 2[2mms[22m[39m

[31m⎯⎯⎯⎯⎯⎯[39m[1m[41m Failed Tests 11 [49m[22m[31m⎯⎯⎯⎯⎯⎯⎯[39m

[41m[1m FAIL [22m[49m src/tests/unit/items-listing.test.tsx[2m > [22mGrade de Itens - larguras pixel-perfect residuais (SPEC-4-TELAS-ESTRITO)[2m > [22mcoluna name NAO possui flex (largura fixa conforme HTML linha 57)
[31m[1mAssertionError[22m: expected '1' to be '' // Object.is equality[39m

[32m- Expected[39m
[31m+ Received[39m

[31m+ 1[39m

[36m [2m❯[22m src/tests/unit/items-listing.test.tsx:[2m395:22[22m[39m
    [90m393| [39m    [90m// flex empty string means the column did not set a flex prop.[39m
    [90m394| [39m    [35mconst[39m flexAttr [33m=[39m header[33m?.[39m[34mgetAttribute[39m([32m"data-flex"[39m) [33m??[39m [32m""[39m[33m;[39m
    [90m395| [39m    [34mexpect[39m(flexAttr)[33m.[39m[34mtoBe[39m([32m""[39m)[33m;[39m
    [90m   | [39m                     [31m^[39m
    [90m396| [39m  })[33m;[39m
    [90m397| [39m})[33m;[39m

[31m[2m⎯⎯⎯⎯⎯⎯⎯⎯⎯⎯⎯⎯⎯⎯⎯⎯⎯⎯⎯⎯⎯⎯⎯[1/11]⎯[22m[39m

[41m[1m FAIL [22m[49m src/tests/unit/engineering/fichas-listing.test.tsx[2m > [22mGrade de Fichas — larguras pixel-perfect (SPEC-4-TELAS-ESTRITO)[2m > [22mcoluna itemName tem largura 170px (+/- 4px) alinhada ao HTML update/tela-fichas-grade-v1.html
[31m[1mAssertionError[22m: column itemName width 0px diverges from HTML target 170px by more than 4px: expected 170 to be less than or equal to 4[39m
[36m [2m❯[22m src/tests/unit/engineering/fichas-listing.test.tsx:[2m135:9[22m[39m
    [90m133| [39m        [33mMath[39m[33m.[39m[34mabs[39m(width [33m-[39m targetWidth)[33m,[39m
    [90m134| [39m        `column ${field} width ${width}px diverges from HTML target ${…
    [90m135| [39m      )[33m.[39m[34mtoBeLessThanOrEqual[39m([34m4[39m)[33m;[39m
    [90m   | [39m        [31m^[39m
    [90m136| [39m    }
    [90m137| [39m  )[33m;[39m

[31m[2m⎯⎯⎯⎯⎯⎯⎯⎯⎯⎯⎯⎯⎯⎯⎯⎯⎯⎯⎯⎯⎯⎯⎯[2/11]⎯[22m[39m

[41m[1m FAIL [22m[49m src/tests/unit/engineering/fichas-listing.test.tsx[2m > [22mGrade de Fichas — larguras pixel-perfect (SPEC-4-TELAS-ESTRITO)[2m > [22mcoluna modalityLabel tem largura 100px (+/- 4px) alinhada ao HTML update/tela-fichas-grade-v1.html
[31m[1mAssertionError[22m: column modalityLabel width 130px diverges from HTML target 100px by more than 4px: expected 30 to be less than or equal to 4[39m
[36m [2m❯[22m src/tests/unit/engineering/fichas-listing.test.tsx:[2m135:9[22m[39m
    [90m133| [39m        [33mMath[39m[33m.[39m[34mabs[39m(width [33m-[39m targetWidth)[33m,[39m
    [90m134| [39m        `column ${field} width ${width}px diverges from HTML target ${…
    [90m135| [39m      )[33m.[39m[34mtoBeLessThanOrEqual[39m([34m4[39m)[33m;[39m
    [90m   | [39m        [31m^[39m
    [90m136| [39m    }
    [90m137| [39m  )[33m;[39m

[31m[2m⎯⎯⎯⎯⎯⎯⎯⎯⎯⎯⎯⎯⎯⎯⎯⎯⎯⎯⎯⎯⎯⎯⎯[3/11]⎯[22m[39m

[41m[1m FAIL [22m[49m src/tests/unit/engineering/fichas-listing.test.tsx[2m > [22mGrade de Fichas — larguras pixel-perfect (SPEC-4-TELAS-ESTRITO)[2m > [22mcoluna groupOperational tem largura 100px (+/- 4px) alinhada ao HTML update/tela-fichas-grade-v1.html
[31m[1mAssertionError[22m: column groupOperational width 170px diverges from HTML target 100px by more than 4px: expected 70 to be less than or equal to 4[39m
[36m [2m❯[22m src/tests/unit/engineering/fichas-listing.test.tsx:[2m135:9[22m[39m
    [90m133| [39m        [33mMath[39m[33m.[39m[34mabs[39m(width [33m-[39m targetWidth)[33m,[39m
    [90m134| [39m        `column ${field} width ${width}px diverges from HTML target ${…
    [90m135| [39m      )[33m.[39m[34mtoBeLessThanOrEqual[39m([34m4[39m)[33m;[39m
    [90m   | [39m        [31m^[39m
    [90m136| [39m    }
    [90m137| [39m  )[33m;[39m

[31m[2m⎯⎯⎯⎯⎯⎯⎯⎯⎯⎯⎯⎯⎯⎯⎯⎯⎯⎯⎯⎯⎯⎯⎯[4/11]⎯[22m[39m

[41m[1m FAIL [22m[49m src/tests/unit/engineering/fichas-listing.test.tsx[2m > [22mGrade de Fichas — larguras pixel-perfect (SPEC-4-TELAS-ESTRITO)[2m > [22mcoluna status tem largura 64px (+/- 4px) alinhada ao HTML update/tela-fichas-grade-v1.html
[31m[1mAssertionError[22m: column status width 120px diverges from HTML target 64px by more than 4px: expected 56 to be less than or equal to 4[39m
[36m [2m❯[22m src/tests/unit/engineering/fichas-listing.test.tsx:[2m135:9[22m[39m
    [90m133| [39m        [33mMath[39m[33m.[39m[34mabs[39m(width [33m-[39m targetWidth)[33m,[39m
    [90m134| [39m        `column ${field} width ${width}px diverges from HTML target ${…
    [90m135| [39m      )[33m.[39m[34mtoBeLessThanOrEqual[39m([34m4[39m)[33m;[39m
    [90m   | [39m        [31m^[39m
    [90m136| [39m    }
    [90m137| [39m  )[33m;[39m

[31m[2m⎯⎯⎯⎯⎯⎯⎯⎯⎯⎯⎯⎯⎯⎯⎯⎯⎯⎯⎯⎯⎯⎯⎯[5/11]⎯[22m[39m

[41m[1m FAIL [22m[49m src/tests/unit/engineering/fichas-listing.test.tsx[2m > [22mGrade de Fichas — larguras pixel-perfect (SPEC-4-TELAS-ESTRITO)[2m > [22mcoluna componentCount tem largura 82px (+/- 4px) alinhada ao HTML update/tela-fichas-grade-v1.html
[31m[1mAssertionError[22m: column componentCount width 130px diverges from HTML target 82px by more than 4px: expected 48 to be less than or equal to 4[39m
[36m [2m❯[22m src/tests/unit/engineering/fichas-listing.test.tsx:[2m135:9[22m[39m
    [90m133| [39m        [33mMath[39m[33m.[39m[34mabs[39m(width [33m-[39m targetWidth)[33m,[39m
    [90m134| [39m        `column ${field} width ${width}px diverges from HTML target ${…
    [90m135| [39m      )[33m.[39m[34mtoBeLessThanOrEqual[39m([34m4[39m)[33m;[39m
    [90m   | [39m        [31m^[39m
    [90m136| [39m    }
    [90m137| [39m  )[33m;[39m

[31m[2m⎯⎯⎯⎯⎯⎯⎯⎯⎯⎯⎯⎯⎯⎯⎯⎯⎯⎯⎯⎯⎯⎯⎯[6/11]⎯[22m[39m

[41m[1m FAIL [22m[49m src/tests/unit/engineering/fichas-listing.test.tsx[2m > [22mGrade de Fichas — larguras pixel-perfect (SPEC-4-TELAS-ESTRITO)[2m > [22mcoluna correctionFactor tem largura 60px (+/- 4px) alinhada ao HTML update/tela-fichas-grade-v1.html
[31m[1mAssertionError[22m: column correctionFactor width 90px diverges from HTML target 60px by more than 4px: expected 30 to be less than or equal to 4[39m
[36m [2m❯[22m src/tests/unit/engineering/fichas-listing.test.tsx:[2m135:9[22m[39m
    [90m133| [39m        [33mMath[39m[33m.[39m[34mabs[39m(width [33m-[39m targetWidth)[33m,[39m
    [90m134| [39m        `column ${field} width ${width}px diverges from HTML target ${…
    [90m135| [39m      )[33m.[39m[34mtoBeLessThanOrEqual[39m([34m4[39m)[33m;[39m
    [90m   | [39m        [31m^[39m
    [90m136| [39m    }
    [90m137| [39m  )[33m;[39m

[31m[2m⎯⎯⎯⎯⎯⎯⎯⎯⎯⎯⎯⎯⎯⎯⎯⎯⎯⎯⎯⎯⎯⎯⎯[7/11]⎯[22m[39m

[41m[1m FAIL [22m[49m src/tests/unit/engineering/fichas-listing.test.tsx[2m > [22mGrade de Fichas — larguras pixel-perfect (SPEC-4-TELAS-ESTRITO)[2m > [22mcoluna cookingIndex tem largura 60px (+/- 4px) alinhada ao HTML update/tela-fichas-grade-v1.html
[31m[1mAssertionError[22m: column cookingIndex width 90px diverges from HTML target 60px by more than 4px: expected 30 to be less than or equal to 4[39m
[36m [2m❯[22m src/tests/unit/engineering/fichas-listing.test.tsx:[2m135:9[22m[39m
    [90m133| [39m        [33mMath[39m[33m.[39m[34mabs[39m(width [33m-[39m targetWidth)[33m,[39m
    [90m134| [39m        `column ${field} width ${width}px diverges from HTML target ${…
    [90m135| [39m      )[33m.[39m[34mtoBeLessThanOrEqual[39m([34m4[39m)[33m;[39m
    [90m   | [39m        [31m^[39m
    [90m136| [39m    }
    [90m137| [39m  )[33m;[39m

[31m[2m⎯⎯⎯⎯⎯⎯⎯⎯⎯⎯⎯⎯⎯⎯⎯⎯⎯⎯⎯⎯⎯⎯⎯[8/11]⎯[22m[39m

[41m[1m FAIL [22m[49m src/tests/unit/engineering/fichas-listing.test.tsx[2m > [22mGrade de Fichas — larguras pixel-perfect (SPEC-4-TELAS-ESTRITO)[2m > [22mcoluna totalCost tem largura 82px (+/- 4px) alinhada ao HTML update/tela-fichas-grade-v1.html
[31m[1mAssertionError[22m: column totalCost width 130px diverges from HTML target 82px by more than 4px: expected 48 to be less than or equal to 4[39m
[36m [2m❯[22m src/tests/unit/engineering/fichas-listing.test.tsx:[2m135:9[22m[39m
    [90m133| [39m        [33mMath[39m[33m.[39m[34mabs[39m(width [33m-[39m targetWidth)[33m,[39m
    [90m134| [39m        `column ${field} width ${width}px diverges from HTML target ${…
    [90m135| [39m      )[33m.[39m[34mtoBeLessThanOrEqual[39m([34m4[39m)[33m;[39m
    [90m   | [39m        [31m^[39m
    [90m136| [39m    }
    [90m137| [39m  )[33m;[39m

[31m[2m⎯⎯⎯⎯⎯⎯⎯⎯⎯⎯⎯⎯⎯⎯⎯⎯⎯⎯⎯⎯⎯⎯⎯[9/11]⎯[22m[39m

[41m[1m FAIL [22m[49m src/tests/unit/engineering/fichas-listing.test.tsx[2m > [22mGrade de Fichas — larguras pixel-perfect (SPEC-4-TELAS-ESTRITO)[2m > [22mcoluna updatedAt tem largura 110px (+/- 4px) alinhada ao HTML update/tela-fichas-grade-v1.html
[31m[1mAssertionError[22m: column updatedAt width 160px diverges from HTML target 110px by more than 4px: expected 50 to be less than or equal to 4[39m
[36m [2m❯[22m src/tests/unit/engineering/fichas-listing.test.tsx:[2m135:9[22m[39m
    [90m133| [39m        [33mMath[39m[33m.[39m[34mabs[39m(width [33m-[39m targetWidth)[33m,[39m
    [90m134| [39m        `column ${field} width ${width}px diverges from HTML target ${…
    [90m135| [39m      )[33m.[39m[34mtoBeLessThanOrEqual[39m([34m4[39m)[33m;[39m
    [90m   | [39m        [31m^[39m
    [90m136| [39m    }
    [90m137| [39m  )[33m;[39m

[31m[2m⎯⎯⎯⎯⎯⎯⎯⎯⎯⎯⎯⎯⎯⎯⎯⎯⎯⎯⎯⎯⎯⎯[10/11]⎯[22m[39m

[41m[1m FAIL [22m[49m src/tests/unit/engineering/fichas-listing.test.tsx[2m > [22mGrade de Fichas — larguras pixel-perfect (SPEC-4-TELAS-ESTRITO)[2m > [22mitemName nao possui flex nem minWidth (largura fixa 170px conforme HTML linha 58)
[31m[1mAssertionError[22m: expected '1.3' to be '' // Object.is equality[39m

[32m- Expected[39m
[31m+ Received[39m

[31m+ 1.3[39m

[36m [2m❯[22m src/tests/unit/engineering/fichas-listing.test.tsx:[2m142:46[22m[39m
    [90m140| [39m    [34mrenderFichas[39m()[33m;[39m
    [90m141| [39m    [35mconst[39m header [33m=[39m [34mgetHeader[39m([32m"itemName"[39m)[33m;[39m
    [90m142| [39m    [34mexpect[39m(header[33m.[39m[34mgetAttribute[39m([32m"data-flex"[39m))[33m.[39m[34mtoBe[39m([32m""[39m)[33m;[39m
    [90m   | [39m                                             [31m^[39m
    [90m143| [39m    [34mexpect[39m(header[33m.[39m[34mgetAttribute[39m([32m"data-min-width"[39m))[33m.[39m[34mtoBe[39m([32m""[39m)[33m;[39m
    [90m144| [39m    [34mexpect[39m([33mNumber[39m(header[33m.[39m[34mgetAttribute[39m([32m"data-width"[39m)))[33m.[39m[34mtoBe[39m([34m170[39m)[33m;[39m

[31m[2m⎯⎯⎯⎯⎯⎯⎯⎯⎯⎯⎯⎯⎯⎯⎯⎯⎯⎯⎯⎯⎯⎯[11/11]⎯[22m[39m


[2m Test Files [22m [1m[31m2 failed[39m[22m[2m | [22m[1m[32m53 passed[39m[22m[90m (55)[39m
[2m      Tests [22m [1m[31m11 failed[39m[22m[2m | [22m[1m[32m165 passed[39m[22m[90m (176)[39m
[2m   Start at [22m 22:21:01
[2m   Duration [22m 6.25s[2m (transform 4.16s, setup 5.50s, collect 33.60s, tests 31.75s, environment 44.43s, prepare 5.62s)[22m

